35=D|57=O1|39=GOOG|38=100|54=BUY|11=LIMIT|55=0|trades=[]
35=D|57=O2|39=GOOG|38=50|54=BUY|11=LIMIT|55=0|trades=[]
35=D|57=O3|39=GOOG|38=120|54=SELL|11=LIMIT|55=0|trades=[]
35=D|57=O1|39=GOOG|38=0|54=SELL|11=MARKET|55=1|trades=[{'buy_id': 'O2', 'sell_id': 'O1', 'quantity': 30, 'price': 2805.0, 'timestamp': '2025-04-11T06:50:46.351931'}]
35=D|57=O2|39=GOOG|38=0|54=BUY|11=MARKET|55=1|trades=[{'buy_id': 'O2', 'sell_id': 'O3', 'quantity': 70, 'price': 2810.0, 'timestamp': '2025-04-11T06:50:46.351956'}]
35=D|57=O4|39=GOOG|38=60|54=SELL|11=LIMIT|55=1|trades=[{'buy_id': 'O2', 'sell_id': 'O4', 'quantity': 20, 'price': 2805.0, 'timestamp': '2025-04-11T06:50:46.351975'}]
35=F|57=O1|39=GOOG|55=canceled
35=8|39=GOOG|bids=[]|asks=['2025-04-11 06:50:46.351969 | SELL 60 @ 2805.0 (id=O4)', '2025-04-11 06:50:46.351899 | SELL 50 @ 2810.0 (id=O3)']|market_buys=[]|market_sells=[]
35=F|57=O3|39=GOOG|55=canceled
35=F|57=O999|39=GOOG|55=rejected
35=D|57=O3|39=GOOG|38=100|54=SELL|11=MARKET|55=0|trades=[]
35=8|39=GOOG|bids=[]|asks=['2025-04-11 06:50:46.351969 | SELL 60 @ 2805.0 (id=O4)']|market_buys=[]|market_sells=['2025-04-11 06:50:46.352033 | SELL 100 (Market) (id=O3)']
35=D|57=O5|39=AMZN|38=20|54=BUY|11=LIMIT|55=0|trades=[]
35=D|57=O6|39=AMZN|38=25|54=BUY|11=LIMIT|55=0|trades=[]
35=D|57=O7|39=AMZN|38=40|54=SELL|11=LIMIT|55=0|trades=[]
35=D|57=O4|39=AMZN|38=0|54=SELL|11=MARKET|55=1|trades=[{'buy_id': 'O6', 'sell_id': 'O4', 'quantity': 25, 'price': 3305.0, 'timestamp': '2025-04-11T06:50:46.352105'}, {'buy_id': 'O5', 'sell_id': 'O4', 'quantity': 5, 'price': 3300.0, 'timestamp': '2025-04-11T06:50:46.352107'}]
35=D|57=O5|39=AMZN|38=0|54=BUY|11=MARKET|55=1|trades=[{'buy_id': 'O5', 'sell_id': 'O7', 'quantity': 25, 'price': 3310.0, 'timestamp': '2025-04-11T06:50:46.352126'}]
35=8|39=AMZN|bids=['2025-04-11 06:50:46.352057 | BUY 15 @ 3300.0 (id=O5)']|asks=['2025-04-11 06:50:46.352086 | SELL 15 @ 3310.0 (id=O7)']|market_buys=[]|market_sells=[]
35=F|57=O2|39=AMZN|55=rejected
35=D|57=O8|39=AMZN|38=10|54=SELL|11=LIMIT|55=0|trades=[]
35=D|57=O9|39=AMZN|38=8|54=SELL|11=LIMIT|55=0|trades=[]
35=D|57=O10|39=AMZN|38=12|54=BUY|11=LIMIT|55=0|trades=[]
35=D|57=O6|39=AMZN|38=0|54=BUY|11=MARKET|55=1|trades=[{'buy_id': 'O6', 'sell_id': 'O8', 'quantity': 10, 'price': 3301.0, 'timestamp': '2025-04-11T06:50:46.352199'}, {'buy_id': 'O6', 'sell_id': 'O9', 'quantity': 8, 'price': 3302.0, 'timestamp': '2025-04-11T06:50:46.352202'}, {'buy_id': 'O6', 'sell_id': 'O7', 'quantity': 12, 'price': 3310.0, 'timestamp': '2025-04-11T06:50:46.352204'}]
35=8|39=AMZN|bids=['2025-04-11 06:50:46.352057 | BUY 15 @ 3300.0 (id=O5)', '2025-04-11 06:50:46.352184 | BUY 12 @ 3299.0 (id=O10)']|asks=['2025-04-11 06:50:46.352086 | SELL 3 @ 3310.0 (id=O7)']|market_buys=[]|market_sells=[]
